2025-08-22 11:23:37,895 INFO Starting process
2025-08-22 11:23:37,895 INFO Starting process
2025-08-22 11:23:37,895 INFO Loading positive_pairs_nno_nob.jsonl
2025-08-22 11:23:39,443 INFO positive_pairs_nno_nob.jsonl: 161 unique domains
2025-08-22 11:23:39,443 INFO Loading positive_pairs_eng_nob.jsonl
2025-08-22 11:23:40,487 INFO positive_pairs_eng_nob.jsonl: 89 unique domains
2025-08-22 11:23:40,487 INFO Loading positive_pairs_eng_nno.jsonl
2025-08-22 11:23:40,597 INFO positive_pairs_eng_nno.jsonl: 30 unique domains
2025-08-22 11:23:40,597 INFO Loading negative_pairs_nob_nno.jsonl
2025-08-22 11:23:40,611 INFO negative_pairs_nob_nno.jsonl: 77 unique domains
2025-08-22 11:23:40,611 INFO Loading negative_pairs_nob_eng.jsonl
2025-08-22 11:23:40,630 INFO negative_pairs_nob_eng.jsonl: 54 unique domains
2025-08-22 11:23:40,631 INFO Loading negative_pairs_nno_eng.jsonl
2025-08-22 11:23:40,649 INFO negative_pairs_nno_eng.jsonl: 52 unique domains
2025-08-22 11:23:40,649 INFO Checking 6-way overlaps...
2025-08-22 11:23:40,649 INFO Added 3 domains from 6-way overlaps (total so far: 3/20)
2025-08-22 11:23:40,649 INFO → Domains added at 6-way: fhi.no, digitalarkivet.no, filmskolen.no
2025-08-22 11:23:40,649 INFO Checking 5-way overlaps...
2025-08-22 11:23:40,649 INFO Added 10 domains from 5-way overlaps (total so far: 13/20)
2025-08-22 11:23:40,649 INFO → Domains added at 5-way: bioteknologiradet.no, eksfin.no, dsa.no, datatilsynet.no, fiskeridir.no, finanstilsynet.no, dsb.no, forbrukerradet.no, dfo.no, aho.no
2025-08-22 11:23:40,649 INFO Checking 4-way overlaps...
2025-08-22 11:23:40,649 INFO Added 7 domains from 4-way overlaps (total so far: 20/20)
2025-08-22 11:23:40,649 INFO → Domains added at 4-way: forskningsetikk.no, folketrygdfondet.no, artsdatabanken.no, arbeidstilsynet.no, digidel.no, helsenorge.no, distriktssenteret.no
2025-08-22 11:23:40,650 INFO Final number of selected domains: 20
2025-08-22 11:23:40,650 INFO 3 domains came from 6-way overlaps: fhi.no, digitalarkivet.no, filmskolen.no
2025-08-22 11:23:40,650 INFO 10 domains came from 5-way overlaps: bioteknologiradet.no, eksfin.no, dsa.no, datatilsynet.no, fiskeridir.no, finanstilsynet.no, dsb.no, forbrukerradet.no, dfo.no, aho.no
2025-08-22 11:23:40,650 INFO 7 domains came from 4-way overlaps: forskningsetikk.no, folketrygdfondet.no, artsdatabanken.no, arbeidstilsynet.no, digidel.no, helsenorge.no, distriktssenteret.no
2025-08-22 11:23:40,650 INFO Final number of selected domains: 20
2025-08-22 11:23:40,650 INFO ['fhi.no', 'digitalarkivet.no', 'filmskolen.no'] domains came from 6-way overlaps
2025-08-22 11:23:40,650 INFO ['bioteknologiradet.no', 'eksfin.no', 'dsa.no', 'datatilsynet.no', 'fiskeridir.no', 'finanstilsynet.no', 'dsb.no', 'forbrukerradet.no', 'dfo.no', 'aho.no'] domains came from 5-way overlaps
2025-08-22 11:23:40,650 INFO ['forskningsetikk.no', 'folketrygdfondet.no', 'artsdatabanken.no', 'arbeidstilsynet.no', 'digidel.no', 'helsenorge.no', 'distriktssenteret.no'] domains came from 4-way overlaps
2025-08-22 11:23:40,653 INFO Wrote /home/theat/alignment_eksperimenter/data/output/20_pairs/20_positive_pairs_nno_nob.jsonl with up to 20 examples
2025-08-22 11:23:40,684 INFO Wrote /home/theat/alignment_eksperimenter/data/output/20_pairs/20_positive_pairs_eng_nob.jsonl with up to 20 examples
2025-08-22 11:23:40,686 INFO Wrote /home/theat/alignment_eksperimenter/data/output/20_pairs/20_positive_pairs_eng_nno.jsonl with up to 20 examples
2025-08-22 11:23:40,690 INFO Wrote /home/theat/alignment_eksperimenter/data/output/20_pairs/20_negative_pairs_nob_nno.jsonl with up to 20 examples
2025-08-22 11:23:40,696 INFO Wrote /home/theat/alignment_eksperimenter/data/output/20_pairs/20_negative_pairs_nob_eng.jsonl with up to 20 examples
2025-08-22 11:23:40,703 INFO Wrote /home/theat/alignment_eksperimenter/data/output/20_pairs/20_negative_pairs_nno_eng.jsonl with up to 20 examples
2025-08-22 11:23:40,704 INFO Done.
