2026-04-28 10:39:23,806 - INFO - len(superset_1_files): 1459
2026-04-28 10:39:23,806 - INFO - len(superset_2_files): 1459
2026-04-28 10:39:23,806 - INFO - File overlap: 1459
2026-04-28 10:39:23,806 - INFO - Files in superset_1 but not in 2: 0
2026-04-28 10:39:23,806 - INFO - Files in superset_2 but not in 1: 0
2026-04-28 10:39:23,806 - INFO - Per-file difference between sets
2026-04-28 10:39:24,871 - INFO - Filename: skatteetaten.no_nno.jsonl len(superset 1): 1850 len(superset 2): 1861 Overlap: 1850 Set 1 only: 0 Set 2 only: 11
2026-04-28 10:39:25,086 - INFO - Filename: varsom.no_nno.jsonl len(superset 1): 503 len(superset 2): 771 Overlap: 503 Set 1 only: 0 Set 2 only: 268
2026-04-28 10:39:28,367 - INFO - Filename: uia.no_eng.jsonl len(superset 1): 18362 len(superset 2): 18386 Overlap: 18362 Set 1 only: 0 Set 2 only: 24
2026-04-28 10:39:28,477 - INFO - Filename: uit.no_nno.jsonl len(superset 1): 1182 len(superset 2): 1184 Overlap: 1182 Set 1 only: 0 Set 2 only: 2
2026-04-28 10:39:43,326 - INFO - Filename: universitetsavisa.no_nob.jsonl len(superset 1): 7978 len(superset 2): 8015 Overlap: 7978 Set 1 only: 0 Set 2 only: 37
2026-04-28 10:39:51,107 - INFO - Filename: kulturradet.no_nob.jsonl len(superset 1): 2388 len(superset 2): 2391 Overlap: 2388 Set 1 only: 0 Set 2 only: 3
2026-04-28 10:40:13,619 - INFO - Filename: nav.no_nob.jsonl len(superset 1): 22058 len(superset 2): 22108 Overlap: 22058 Set 1 only: 0 Set 2 only: 50
2026-04-28 10:40:18,495 - INFO - Filename: ssb.no_nno.jsonl len(superset 1): 11663 len(superset 2): 11664 Overlap: 11663 Set 1 only: 0 Set 2 only: 1
2026-04-28 10:40:34,135 - INFO - Filename: arbeidstilsynet.no_nob.jsonl len(superset 1): 4144 len(superset 2): 4206 Overlap: 4144 Set 1 only: 0 Set 2 only: 62
2026-04-28 10:40:36,552 - INFO - Filename: fylkesmannen.no_sma.jsonl len(superset 1): 301 len(superset 2): 302 Overlap: 301 Set 1 only: 0 Set 2 only: 1
2026-04-28 10:40:41,115 - INFO - Filename: hi.no_nob.jsonl len(superset 1): 10204 len(superset 2): 10267 Overlap: 10204 Set 1 only: 0 Set 2 only: 63
2026-04-28 10:40:45,491 - INFO - Filename: kulturoghelse.no_nob.jsonl len(superset 1): 161 len(superset 2): 162 Overlap: 161 Set 1 only: 0 Set 2 only: 1
2026-04-28 10:40:53,939 - INFO - Filename: helsedirektoratet.no_nob.jsonl len(superset 1): 20024 len(superset 2): 20025 Overlap: 20024 Set 1 only: 0 Set 2 only: 1
2026-04-28 10:40:55,862 - INFO - Filename: nord.no_eng.jsonl len(superset 1): 6897 len(superset 2): 6899 Overlap: 6897 Set 1 only: 0 Set 2 only: 2
2026-04-28 10:41:00,052 - INFO - Filename: kjonnsforskning.no_nob.jsonl len(superset 1): 5714 len(superset 2): 5715 Overlap: 5714 Set 1 only: 0 Set 2 only: 1
2026-04-28 10:41:04,504 - INFO - Filename: forsvaretsforum.no_nob.jsonl len(superset 1): 10839 len(superset 2): 10843 Overlap: 10839 Set 1 only: 0 Set 2 only: 4
2026-04-28 10:41:24,051 - INFO - Filename: skatteetaten.no_nob.jsonl len(superset 1): 63612 len(superset 2): 63629 Overlap: 63612 Set 1 only: 0 Set 2 only: 17
2026-04-28 10:41:26,783 - INFO - Filename: uib.no_nno.jsonl len(superset 1): 15488 len(superset 2): 15524 Overlap: 15488 Set 1 only: 0 Set 2 only: 36
2026-04-28 10:41:34,689 - INFO - Filename: hi.no_eng.jsonl len(superset 1): 3825 len(superset 2): 3841 Overlap: 3825 Set 1 only: 0 Set 2 only: 16
2026-04-28 10:41:35,537 - INFO - Filename: regjeringen.no_sme.jsonl len(superset 1): 2327 len(superset 2): 2331 Overlap: 2327 Set 1 only: 0 Set 2 only: 4
2026-04-28 10:41:38,173 - INFO - Filename: forbrukertilsynet.no_nno.jsonl len(superset 1): 317 len(superset 2): 318 Overlap: 317 Set 1 only: 0 Set 2 only: 1
2026-04-28 10:41:41,865 - INFO - Filename: kulturtanken.no_nob.jsonl len(superset 1): 1274 len(superset 2): 1293 Overlap: 1274 Set 1 only: 0 Set 2 only: 19
2026-04-28 10:41:47,591 - INFO - Filename: datatilsynet.no_nob.jsonl len(superset 1): 1855 len(superset 2): 1856 Overlap: 1855 Set 1 only: 0 Set 2 only: 1
2026-04-28 10:41:51,056 - INFO - Filename: uib.no_eng.jsonl len(superset 1): 44840 len(superset 2): 44878 Overlap: 44840 Set 1 only: 0 Set 2 only: 38
2026-04-28 10:41:51,381 - INFO - Filename: hi.no_nno.jsonl len(superset 1): 1612 len(superset 2): 1625 Overlap: 1612 Set 1 only: 0 Set 2 only: 13
2026-04-28 10:42:07,072 - INFO - Filename: ntnu.no_nob.jsonl len(superset 1): 48985 len(superset 2): 49488 Overlap: 48985 Set 1 only: 0 Set 2 only: 503
2026-04-28 10:42:07,245 - INFO - Filename: nasjonalmuseet.no_eng.jsonl len(superset 1): 1255 len(superset 2): 1257 Overlap: 1255 Set 1 only: 0 Set 2 only: 2
2026-04-28 10:42:12,599 - INFO - Filename: oslomet.no_nob.jsonl len(superset 1): 23156 len(superset 2): 23241 Overlap: 23156 Set 1 only: 0 Set 2 only: 85
2026-04-28 10:42:17,235 - INFO - Filename: nav.no_nno.jsonl len(superset 1): 2023 len(superset 2): 2030 Overlap: 2023 Set 1 only: 0 Set 2 only: 7
2026-04-28 10:42:51,965 - INFO - Filename: uio.no_eng.jsonl len(superset 1): 206405 len(superset 2): 206498 Overlap: 206405 Set 1 only: 0 Set 2 only: 89
2026-04-28 10:42:54,382 - INFO - Filename: uia.no_nob.jsonl len(superset 1): 24397 len(superset 2): 24410 Overlap: 24397 Set 1 only: 0 Set 2 only: 13
2026-04-28 10:42:57,222 - INFO - Filename: hivolda.no_eng.jsonl len(superset 1): 4603 len(superset 2): 4604 Overlap: 4603 Set 1 only: 0 Set 2 only: 1
2026-04-28 10:43:05,320 - INFO - Filename: ssb.no_eng.jsonl len(superset 1): 44753 len(superset 2): 44764 Overlap: 44753 Set 1 only: 0 Set 2 only: 11
2026-04-28 10:43:06,428 - INFO - Filename: nasjonalmuseet.no_nob.jsonl len(superset 1): 2359 len(superset 2): 2360 Overlap: 2359 Set 1 only: 0 Set 2 only: 1
2026-04-28 10:43:08,263 - INFO - Filename: ngu.no_nno.jsonl len(superset 1): 958 len(superset 2): 959 Overlap: 958 Set 1 only: 0 Set 2 only: 1
2026-04-28 10:43:10,290 - INFO - Filename: hivolda.no_nob.jsonl len(superset 1): 5215 len(superset 2): 5217 Overlap: 5215 Set 1 only: 0 Set 2 only: 2
2026-04-28 10:43:11,470 - INFO - Filename: varsom.no_eng.jsonl len(superset 1): 241 len(superset 2): 309 Overlap: 241 Set 1 only: 0 Set 2 only: 68
2026-04-28 10:43:11,935 - INFO - Filename: inn.no_eng.jsonl len(superset 1): 2096 len(superset 2): 2098 Overlap: 2096 Set 1 only: 0 Set 2 only: 2
2026-04-28 10:43:12,516 - INFO - Filename: vegvesen.no_eng.jsonl len(superset 1): 1118 len(superset 2): 1119 Overlap: 1118 Set 1 only: 0 Set 2 only: 1
2026-04-28 10:43:13,297 - INFO - Filename: toll.no_nob.jsonl len(superset 1): 2533 len(superset 2): 2534 Overlap: 2533 Set 1 only: 0 Set 2 only: 1
2026-04-28 10:43:21,168 - INFO - Filename: nih.no_eng.jsonl len(superset 1): 1805 len(superset 2): 1806 Overlap: 1805 Set 1 only: 0 Set 2 only: 1
2026-04-28 10:43:31,556 - INFO - Filename: vegvesen.no_nob.jsonl len(superset 1): 18038 len(superset 2): 18045 Overlap: 18038 Set 1 only: 0 Set 2 only: 7
2026-04-28 10:44:03,409 - INFO - Filename: fylkesmannen.no_nob.jsonl len(superset 1): 74311 len(superset 2): 74870 Overlap: 74311 Set 1 only: 0 Set 2 only: 554
2026-04-28 10:44:03,502 - INFO - Filename: kulturtanken.no_nno.jsonl len(superset 1): 333 len(superset 2): 335 Overlap: 333 Set 1 only: 0 Set 2 only: 2
2026-04-28 10:44:05,540 - INFO - Filename: inn.no_nno.jsonl len(superset 1): 226 len(superset 2): 227 Overlap: 226 Set 1 only: 0 Set 2 only: 1
2026-04-28 10:44:09,171 - INFO - Filename: imdi.no_nob.jsonl len(superset 1): 2062 len(superset 2): 2063 Overlap: 2062 Set 1 only: 0 Set 2 only: 1
2026-04-28 10:44:17,234 - INFO - Filename: klagenemndssekretariatet.no_nob.jsonl len(superset 1): 7678 len(superset 2): 7680 Overlap: 7678 Set 1 only: 0 Set 2 only: 2
2026-04-28 10:44:17,639 - INFO - Filename: kulturminnefondet.no_nob.jsonl len(superset 1): 386 len(superset 2): 387 Overlap: 386 Set 1 only: 0 Set 2 only: 1
2026-04-28 10:44:25,922 - INFO - Filename: nmbu.no_eng.jsonl len(superset 1): 17023 len(superset 2): 17048 Overlap: 17023 Set 1 only: 0 Set 2 only: 24
2026-04-28 10:44:26,828 - INFO - Filename: skatteetaten.no_eng.jsonl len(superset 1): 2494 len(superset 2): 2498 Overlap: 2494 Set 1 only: 0 Set 2 only: 4
2026-04-28 10:44:37,101 - INFO - Filename: miljodirektoratet.no_nob.jsonl len(superset 1): 37705 len(superset 2): 37712 Overlap: 37705 Set 1 only: 0 Set 2 only: 7
2026-04-28 10:44:46,844 - INFO - Filename: forskning.no_nob.jsonl len(superset 1): 82889 len(superset 2): 82896 Overlap: 82889 Set 1 only: 0 Set 2 only: 7
2026-04-28 10:45:23,719 - INFO - Filename: nmbu.no_nob.jsonl len(superset 1): 17012 len(superset 2): 17030 Overlap: 17012 Set 1 only: 0 Set 2 only: 18
2026-04-28 10:45:24,594 - INFO - Filename: fylkesmannen.no_sme.jsonl len(superset 1): 314 len(superset 2): 316 Overlap: 314 Set 1 only: 0 Set 2 only: 2
2026-04-28 10:45:42,445 - INFO - Filename: regjeringen.no_nno.jsonl len(superset 1): 19490 len(superset 2): 19493 Overlap: 19490 Set 1 only: 0 Set 2 only: 3
2026-04-28 10:45:43,546 - INFO - Filename: vegvesen.no_nno.jsonl len(superset 1): 4130 len(superset 2): 4132 Overlap: 4130 Set 1 only: 0 Set 2 only: 2
2026-04-28 10:45:44,094 - INFO - Filename: nav.no_eng.jsonl len(superset 1): 494 len(superset 2): 510 Overlap: 494 Set 1 only: 0 Set 2 only: 16
2026-04-28 10:45:53,364 - INFO - Filename: khrono.no_nob.jsonl len(superset 1): 34805 len(superset 2): 34847 Overlap: 34805 Set 1 only: 0 Set 2 only: 42
2026-04-28 10:45:58,926 - INFO - Filename: uit.no_eng.jsonl len(superset 1): 11150 len(superset 2): 11186 Overlap: 11150 Set 1 only: 0 Set 2 only: 36
2026-04-28 10:46:03,325 - INFO - Filename: uit.no_nob.jsonl len(superset 1): 26605 len(superset 2): 26632 Overlap: 26605 Set 1 only: 0 Set 2 only: 27
2026-04-28 10:46:13,344 - INFO - Filename: ngu.no_nob.jsonl len(superset 1): 38450 len(superset 2): 38486 Overlap: 38450 Set 1 only: 0 Set 2 only: 36
2026-04-28 10:46:13,423 - INFO - Filename: sikt.no_eng.jsonl len(superset 1): 599 len(superset 2): 600 Overlap: 599 Set 1 only: 0 Set 2 only: 1
2026-04-28 10:46:17,726 - INFO - Filename: fylkesmannen.no_eng.jsonl len(superset 1): 857 len(superset 2): 861 Overlap: 857 Set 1 only: 0 Set 2 only: 4
2026-04-28 10:46:56,006 - INFO - Filename: uio.no_nob.jsonl len(superset 1): 271387 len(superset 2): 271422 Overlap: 271387 Set 1 only: 0 Set 2 only: 34
2026-04-28 10:47:01,011 - INFO - Filename: arbeidstilsynet.no_eng.jsonl len(superset 1): 1585 len(superset 2): 2318 Overlap: 1585 Set 1 only: 0 Set 2 only: 733
2026-04-28 10:47:01,226 - INFO - Filename: landbruksforum.no_nob.jsonl len(superset 1): 1356 len(superset 2): 1441 Overlap: 1356 Set 1 only: 0 Set 2 only: 85
2026-04-28 10:47:03,369 - INFO - Filename: ntnu.no_nno.jsonl len(superset 1): 6871 len(superset 2): 6893 Overlap: 6871 Set 1 only: 0 Set 2 only: 22
2026-04-28 10:47:09,917 - INFO - Filename: uis.no_eng.jsonl len(superset 1): 14908 len(superset 2): 14914 Overlap: 14908 Set 1 only: 0 Set 2 only: 6
2026-04-28 10:47:12,652 - INFO - Filename: hivolda.no_nno.jsonl len(superset 1): 16780 len(superset 2): 16788 Overlap: 16780 Set 1 only: 0 Set 2 only: 8
2026-04-28 10:47:14,135 - INFO - Filename: hiof.no_eng.jsonl len(superset 1): 7257 len(superset 2): 7259 Overlap: 7257 Set 1 only: 0 Set 2 only: 2
2026-04-28 10:47:15,509 - INFO - Filename: lanekassen.no_nob.jsonl len(superset 1): 369 len(superset 2): 391 Overlap: 369 Set 1 only: 0 Set 2 only: 22
2026-04-28 10:47:22,227 - INFO - Filename: uio.no_nno.jsonl len(superset 1): 20124 len(superset 2): 20126 Overlap: 20124 Set 1 only: 0 Set 2 only: 2
2026-04-28 10:47:22,828 - INFO - Filename: khrono.no_nno.jsonl len(superset 1): 3615 len(superset 2): 3617 Overlap: 3615 Set 1 only: 0 Set 2 only: 2
2026-04-28 10:47:24,924 - INFO - Filename: hvl.no_nob.jsonl len(superset 1): 4934 len(superset 2): 4935 Overlap: 4934 Set 1 only: 0 Set 2 only: 1
2026-04-28 10:47:27,904 - INFO - Filename: uis.no_nob.jsonl len(superset 1): 34736 len(superset 2): 34743 Overlap: 34736 Set 1 only: 0 Set 2 only: 7
2026-04-28 10:47:33,227 - INFO - Filename: udir.no_nno.jsonl len(superset 1): 4121 len(superset 2): 4123 Overlap: 4121 Set 1 only: 0 Set 2 only: 2
2026-04-28 10:47:36,970 - INFO - Filename: hiof.no_nob.jsonl len(superset 1): 37238 len(superset 2): 37245 Overlap: 37238 Set 1 only: 0 Set 2 only: 7
2026-04-28 10:47:40,183 - INFO - Filename: oslomet.no_eng.jsonl len(superset 1): 12998 len(superset 2): 13291 Overlap: 12998 Set 1 only: 0 Set 2 only: 293
2026-04-28 10:49:14,399 - INFO - Filename: ssb.no_nob.jsonl len(superset 1): 79939 len(superset 2): 79956 Overlap: 79939 Set 1 only: 0 Set 2 only: 17
2026-04-28 10:49:20,253 - INFO - Filename: forskningsradet.no_nob.jsonl len(superset 1): 16259 len(superset 2): 16272 Overlap: 16259 Set 1 only: 0 Set 2 only: 13
2026-04-28 10:49:21,545 - INFO - Filename: sikt.no_nob.jsonl len(superset 1): 9108 len(superset 2): 9114 Overlap: 9108 Set 1 only: 0 Set 2 only: 6
2026-04-28 10:49:25,283 - INFO - Filename: arbeidstilsynet.no_nno.jsonl len(superset 1): 195 len(superset 2): 196 Overlap: 195 Set 1 only: 0 Set 2 only: 1
2026-04-28 10:49:25,677 - INFO - Filename: varsom.no_nob.jsonl len(superset 1): 2051 len(superset 2): 2629 Overlap: 2051 Set 1 only: 0 Set 2 only: 578
2026-04-28 10:49:31,264 - INFO - Filename: klagenemndssekretariatet.no_eng.jsonl len(superset 1): 4458 len(superset 2): 4464 Overlap: 4458 Set 1 only: 0 Set 2 only: 6
2026-04-28 10:49:41,798 - INFO - Filename: uib.no_nob.jsonl len(superset 1): 55452 len(superset 2): 55493 Overlap: 55452 Set 1 only: 0 Set 2 only: 41
2026-04-28 10:49:45,509 - INFO - Filename: ntnu.no_eng.jsonl len(superset 1): 16037 len(superset 2): 20208 Overlap: 16037 Set 1 only: 0 Set 2 only: 4171
2026-04-28 10:49:50,128 - INFO - Filename: nord.no_nob.jsonl len(superset 1): 10561 len(superset 2): 10571 Overlap: 10561 Set 1 only: 0 Set 2 only: 10
2026-04-28 10:49:50,377 - INFO - Filename: forskningsradet.no_nno.jsonl len(superset 1): 784 len(superset 2): 786 Overlap: 784 Set 1 only: 0 Set 2 only: 2
2026-04-28 10:51:32,459 - INFO - Filename: regjeringen.no_nob.jsonl len(superset 1): 133206 len(superset 2): 133250 Overlap: 133206 Set 1 only: 0 Set 2 only: 42
2026-04-28 10:51:39,813 - INFO - Filename: statped.no_nob.jsonl len(superset 1): 3112 len(superset 2): 3113 Overlap: 3112 Set 1 only: 0 Set 2 only: 1
2026-04-28 10:51:54,511 - INFO - Filename: fylkesmannen.no_nno.jsonl len(superset 1): 30165 len(superset 2): 30193 Overlap: 30165 Set 1 only: 0 Set 2 only: 27
2026-04-28 10:51:56,098 - INFO - Filename: skrivesenteret.no_nob.jsonl len(superset 1): 1810 len(superset 2): 1811 Overlap: 1810 Set 1 only: 0 Set 2 only: 1
2026-04-28 10:51:59,109 - INFO - Filename: lanekassen.no_eng.jsonl len(superset 1): 189 len(superset 2): 200 Overlap: 189 Set 1 only: 0 Set 2 only: 11
2026-04-28 10:52:03,327 - INFO - Filename: oslomet.no_nno.jsonl len(superset 1): 4568 len(superset 2): 4570 Overlap: 4568 Set 1 only: 0 Set 2 only: 2
2026-04-28 10:52:03,791 - INFO - Filename: landbruksforum.no_nno.jsonl len(superset 1): 934 len(superset 2): 959 Overlap: 934 Set 1 only: 0 Set 2 only: 25
2026-04-28 10:52:11,068 - INFO - Filename: regjeringen.no_eng.jsonl len(superset 1): 13137 len(superset 2): 13146 Overlap: 13137 Set 1 only: 0 Set 2 only: 9
2026-04-28 10:52:16,023 - INFO - Filename: inn.no_nob.jsonl len(superset 1): 12689 len(superset 2): 12695 Overlap: 12689 Set 1 only: 0 Set 2 only: 6
2026-04-28 10:52:22,845 - INFO - Filename: yr.no_nob.jsonl len(superset 1): 800 len(superset 2): 809 Overlap: 800 Set 1 only: 0 Set 2 only: 9
2026-04-28 10:52:24,277 - INFO - Filename: yr.no_eng.jsonl len(superset 1): 72 len(superset 2): 73 Overlap: 72 Set 1 only: 0 Set 2 only: 1
